
> faucet-app@1.0.0 build C:\Users\harik\Downloads\deply\faucet-app
> next build

node.exe : ΓÜá Warning: Next.js 
inferred your workspace root, but it 
may not be correct.
At C:\Users\harik\AppData\Roaming\npm\
pnpm.ps1:24 char:5
+     & "node$exe"  "$basedir/node_mod
ules/pnpm/bin/pnpm.cjs" $args
+     ~~~~~~~~~~~~~~~~~~~~~~~~~~~~~~~~
~~~~~~~~~~~~~~~~~~~~~~~~~~~~~
    + CategoryInfo          : NotSpec 
   ified: (ΓÜá Warning: Ne...not be   
  correct.:String) [], RemoteExcept   
 ion
    + FullyQualifiedErrorId : NativeC 
   ommandError
 
 We detected multiple lockfiles and 
selected the directory of C:\Users\har
ik\Downloads\deply\pnpm-lock.yaml as 
the root directory.
 To silence this warning, set 
`turbopack.root` in your Next.js 
config, or consider removing one of 
the lockfiles if it's not needed.
   See https://nextjs.org/docs/app/api
-reference/config/next-config-js/turbo
pack#root-directory for more 
information.
 Detected additional lockfiles: 
   * C:\Users\harik\Downloads\deply\fa
ucet-app\package-lock.json

Γû▓ Next.js 16.1.6 (Turbopack)

  Creating an optimized production build ...

> Build error occurred
Error: Turbopack build failed with 1 
errors:
./faucet-app/node_modules/@midl/satosh
i-kit/dist/styles.css
Error evaluating Node.js code
Error: It looks like you're trying to 
use `tailwindcss` directly as a 
PostCSS plugin. The PostCSS plugin 
has moved to a separate package, so 
to continue using Tailwind CSS with 
PostCSS you'll need to install 
`@tailwindcss/postcss` and update 
your PostCSS configuration.
    [at at (C:\Users\harik\Downloads\d
eply\faucet-app\node_modules\tailwindc
ss\dist\lib.js:38:1643)]
    at turbopack:///[turbopack-node]/t
ransforms/postcss.ts:56:14 [C:\Users\h
arik\Downloads\deply\faucet-app\.next\
build\chunks\[root-of-the-server]__129
e999e._.js:165:20]
    [at <anonymous>]
    at Module.init (turbopack:///[turb
opack-node]/transforms/postcss.ts:43:3
3) [C:\Users\harik\Downloads\deply\fau
cet-app\.next\build\chunks\[root-of-th
e-server]__129e999e._.js:155:35]
    at run (turbopack:///[turbopack-no
de]/ipc/evaluate.ts:77:20) [C:\Users\h
arik\Downloads\deply\faucet-app\.next\
build\chunks\[root-of-the-server]__7d4
929ac._.js:429:26]
    [at 
process.processTicksAndRejections (nod
e:internal/process/task_queues:103:5)]

Import trace:
  Client Component Browser:
    ./faucet-app/node_modules/@midl/sa
toshi-kit/dist/styles.css [Client 
Component Browser]
    ./faucet-app/app/layout.tsx 
[Client Component Browser]
    ./faucet-app/app/layout.tsx 
[Server Component]


    at Module.init (turbopack:///[turb
opack-node]/transforms/postcss.ts:43:3
3) [C:\Users\harik\Downloads\deply\fau
cet-app\.next\build\chunks\[root-of-th
e-server]__129e999e._.js:155:35])
    at run (turbopack:///[turbopack-no
de]/ipc/evaluate.ts:77:20) [C:\Users\h
arik\Downloads\deply\faucet-app\.next\
build\chunks\[root-of-the-server]__7d4
929ac._.js:429:26])
ΓÇëELIFECYCLEΓÇë Command failed with exit code 1.
